Archive member included to satisfy reference by file (symbol)

e:/amit embedded/tooling/toolchains/avr/bin/../lib/gcc/avr/7.3.0/avr5\libgcc.a(_udivmodqi4.o)
                              HLCD_program.o (__udivmodqi4)
e:/amit embedded/tooling/toolchains/avr/bin/../lib/gcc/avr/7.3.0/avr5\libgcc.a(_udivmodhi4.o)
                              main.o (__udivmodhi4)
e:/amit embedded/tooling/toolchains/avr/bin/../lib/gcc/avr/7.3.0/avr5\libgcc.a(_divmodhi4.o)
                              main.o (__divmodhi4)
e:/amit embedded/tooling/toolchains/avr/bin/../lib/gcc/avr/7.3.0/avr5\libgcc.a(_udivmodsi4.o)
                              MTIMER_program.o (__udivmodsi4)
e:/amit embedded/tooling/toolchains/avr/bin/../lib/gcc/avr/7.3.0/avr5\libgcc.a(_divmodsi4.o)
                              main.o (__divmodsi4)
e:/amit embedded/tooling/toolchains/avr/bin/../lib/gcc/avr/7.3.0/avr5\libgcc.a(_negsi2.o)
                              e:/amit embedded/tooling/toolchains/avr/bin/../lib/gcc/avr/7.3.0/avr5\libgcc.a(_divmodsi4.o) (__negsi2)
e:/amit embedded/tooling/toolchains/avr/bin/../lib/gcc/avr/7.3.0/avr5\libgcc.a(_exit.o)
                              e:/amit embedded/tooling/toolchains/avr/bin/../lib/gcc/avr/7.3.0/../../../../avr/lib/avr5/crtatmega32.o (exit)
e:/amit embedded/tooling/toolchains/avr/bin/../lib/gcc/avr/7.3.0/avr5\libgcc.a(_copy_data.o)
                              main.o (__do_copy_data)
e:/amit embedded/tooling/toolchains/avr/bin/../lib/gcc/avr/7.3.0/avr5\libgcc.a(_clear_bss.o)
                              main.o (__do_clear_bss)
e:/amit embedded/tooling/toolchains/avr/bin/../lib/gcc/avr/7.3.0/avr5\libgcc.a(_umulhisi3.o)
                              MTIMER_program.o (__umulhisi3)

Memory Configuration

Name             Origin             Length             Attributes
text             0x00000000         0x00020000         xr
data             0x00800060         0x0000ffa0         rw !x
eeprom           0x00810000         0x00010000         rw !x
fuse             0x00820000         0x00000002         rw !x
lock             0x00830000         0x00000400         rw !x
signature        0x00840000         0x00000400         rw !x
user_signatures  0x00850000         0x00000400         rw !x
*default*        0x00000000         0xffffffff

Linker script and memory map

LOAD e:/amit embedded/tooling/toolchains/avr/bin/../lib/gcc/avr/7.3.0/../../../../avr/lib/avr5/crtatmega32.o
LOAD main.o
LOAD MDIO_program.o
LOAD MEXTI_program.o
LOAD MTIMER_program.o
LOAD MTWI_program.o
LOAD HLED_program.o
LOAD HLCD_program.o
START GROUP
LOAD e:/amit embedded/tooling/toolchains/avr/bin/../lib/gcc/avr/7.3.0/avr5\libgcc.a
LOAD e:/amit embedded/tooling/toolchains/avr/bin/../lib/gcc/avr/7.3.0/../../../../avr/lib/avr5\libm.a
LOAD e:/amit embedded/tooling/toolchains/avr/bin/../lib/gcc/avr/7.3.0/../../../../avr/lib/avr5\libc.a
LOAD e:/amit embedded/tooling/toolchains/avr/bin/../lib/gcc/avr/7.3.0/../../../../avr/lib/avr5\libatmega32.a
END GROUP
                0x00020000                __TEXT_REGION_LENGTH__ = DEFINED (__TEXT_REGION_LENGTH__)?__TEXT_REGION_LENGTH__:0x20000
                0x0000ffa0                __DATA_REGION_LENGTH__ = DEFINED (__DATA_REGION_LENGTH__)?__DATA_REGION_LENGTH__:0xffa0
                0x00010000                __EEPROM_REGION_LENGTH__ = DEFINED (__EEPROM_REGION_LENGTH__)?__EEPROM_REGION_LENGTH__:0x10000
                [0x00000002]                __FUSE_REGION_LENGTH__ = DEFINED (__FUSE_REGION_LENGTH__)?__FUSE_REGION_LENGTH__:0x400
                0x00000400                __LOCK_REGION_LENGTH__ = DEFINED (__LOCK_REGION_LENGTH__)?__LOCK_REGION_LENGTH__:0x400
                0x00000400                __SIGNATURE_REGION_LENGTH__ = DEFINED (__SIGNATURE_REGION_LENGTH__)?__SIGNATURE_REGION_LENGTH__:0x400
                0x00000400                __USER_SIGNATURE_REGION_LENGTH__ = DEFINED (__USER_SIGNATURE_REGION_LENGTH__)?__USER_SIGNATURE_REGION_LENGTH__:0x400
                0x00800060                __DATA_REGION_ORIGIN__ = DEFINED (__DATA_REGION_ORIGIN__)?__DATA_REGION_ORIGIN__:0x800060

.hash
 *(.hash)

.dynsym
 *(.dynsym)

.dynstr
 *(.dynstr)

.gnu.version
 *(.gnu.version)

.gnu.version_d
 *(.gnu.version_d)

.gnu.version_r
 *(.gnu.version_r)

.rel.init
 *(.rel.init)

.rela.init
 *(.rela.init)

.rel.text
 *(.rel.text)
 *(.rel.text.*)
 *(.rel.gnu.linkonce.t*)

.rela.text
 *(.rela.text)
 *(.rela.text.*)
 *(.rela.gnu.linkonce.t*)

.rel.fini
 *(.rel.fini)

.rela.fini
 *(.rela.fini)

.rel.rodata
 *(.rel.rodata)
 *(.rel.rodata.*)
 *(.rel.gnu.linkonce.r*)

.rela.rodata
 *(.rela.rodata)
 *(.rela.rodata.*)
 *(.rela.gnu.linkonce.r*)

.rel.data
 *(.rel.data)
 *(.rel.data.*)
 *(.rel.gnu.linkonce.d*)

.rela.data
 *(.rela.data)
 *(.rela.data.*)
 *(.rela.gnu.linkonce.d*)

.rel.ctors
 *(.rel.ctors)

.rela.ctors
 *(.rela.ctors)

.rel.dtors
 *(.rel.dtors)

.rela.dtors
 *(.rela.dtors)

.rel.got
 *(.rel.got)

.rela.got
 *(.rela.got)

.rel.bss
 *(.rel.bss)

.rela.bss
 *(.rela.bss)

.rel.plt
 *(.rel.plt)

.rela.plt
 *(.rela.plt)

.text           0x00000000      0xce0
 *(.vectors)
 .vectors       0x00000000       0x54 e:/amit embedded/tooling/toolchains/avr/bin/../lib/gcc/avr/7.3.0/../../../../avr/lib/avr5/crtatmega32.o
                0x00000000                __vector_default
                0x00000000                __vectors
 *(.vectors)
 *(.progmem.gcc*)
                0x00000054                . = ALIGN (0x2)
                0x00000054                __trampolines_start = .
 *(.trampolines)
 .trampolines   0x00000054        0x0 linker stubs
 *(.trampolines*)
                0x00000054                __trampolines_end = .
 *libprintf_flt.a:*(.progmem.data)
 *libc.a:*(.progmem.data)
 *(.progmem*)
                0x00000054                . = ALIGN (0x2)
 *(.jumptables)
 *(.jumptables*)
 *(.lowtext)
 *(.lowtext*)
                0x00000054                __ctors_start = .
 *(.ctors)
                0x00000054                __ctors_end = .
                0x00000054                __dtors_start = .
 *(.dtors)
                0x00000054                __dtors_end = .
 SORT(*)(.ctors)
 SORT(*)(.dtors)
 *(.init0)
 .init0         0x00000054        0x0 e:/amit embedded/tooling/toolchains/avr/bin/../lib/gcc/avr/7.3.0/../../../../avr/lib/avr5/crtatmega32.o
                0x00000054                __init
 *(.init0)
 *(.init1)
 *(.init1)
 *(.init2)
 .init2         0x00000054        0xc e:/amit embedded/tooling/toolchains/avr/bin/../lib/gcc/avr/7.3.0/../../../../avr/lib/avr5/crtatmega32.o
 *(.init2)
 *(.init3)
 *(.init3)
 *(.init4)
 .init4         0x00000060       0x16 e:/amit embedded/tooling/toolchains/avr/bin/../lib/gcc/avr/7.3.0/avr5\libgcc.a(_copy_data.o)
                0x00000060                __do_copy_data
 .init4         0x00000076       0x10 e:/amit embedded/tooling/toolchains/avr/bin/../lib/gcc/avr/7.3.0/avr5\libgcc.a(_clear_bss.o)
                0x00000076                __do_clear_bss
 *(.init4)
 *(.init5)
 *(.init5)
 *(.init6)
 *(.init6)
 *(.init7)
 *(.init7)
 *(.init8)
 *(.init8)
 *(.init9)
 .init9         0x00000086        0x8 e:/amit embedded/tooling/toolchains/avr/bin/../lib/gcc/avr/7.3.0/../../../../avr/lib/avr5/crtatmega32.o
 *(.init9)
 *(.text)
 .text          0x0000008e        0x4 e:/amit embedded/tooling/toolchains/avr/bin/../lib/gcc/avr/7.3.0/../../../../avr/lib/avr5/crtatmega32.o
                0x0000008e                __vector_12
                0x0000008e                __bad_interrupt
                0x0000008e                __vector_6
                0x0000008e                __vector_11
                0x0000008e                __vector_13
                0x0000008e                __vector_17
                0x0000008e                __vector_19
                0x0000008e                __vector_7
                0x0000008e                __vector_5
                0x0000008e                __vector_4
                0x0000008e                __vector_9
                0x0000008e                __vector_15
                0x0000008e                __vector_8
                0x0000008e                __vector_14
                0x0000008e                __vector_16
                0x0000008e                __vector_18
                0x0000008e                __vector_20
 .text          0x00000092      0x18c main.o
                0x00000092                Display_parameters_on_LCD
                0x000000e8                Display_NEW_parameters_on_LCD
                0x00000168                Display_Pulses_on_LCD
 .text          0x0000021e       0xe6 MDIO_program.o
                0x0000021e                mdio_setPinStatus
                0x00000286                mdio_setPinValue
                0x000002c4                mdio_togglePinValue
                0x000002de                mdio_getPinValue
 .text          0x00000304      0x194 MEXTI_program.o
                0x00000304                mexti_enableExternalInterrupt
                0x00000324                mexti_disableExternalInterrupt
                0x00000344                mexti_attachISR
                0x000003a2                __vector_1
                0x000003f4                __vector_2
                0x00000446                __vector_3
 .text          0x00000498      0x2a0 MTIMER_program.o
                0x000004ba                mtimer_init
                0x000004e4                mtimer_delayMs_synchronous
                0x00000530                mtimer_delayMs_asynchronous
                0x00000570                mtimer_runPWM_signal
                0x00000578                mtimer_startPWM_signal
                0x0000058a                mtimer_stopPWM_signal
                0x000005a8                mtimer_getSignal_duty_and_freq
                0x00000688                __vector_10
 .text          0x00000738       0x6c MTWI_program.o
                0x00000738                mtwi_init
                0x00000740                mtwi_start
                0x00000766                mtwi_stop
                0x00000772                mtwi_masterSend
                0x00000780                mtwi_masterRecv_ACK
                0x00000792                mtwi_masterRecv_NACK
 .text          0x000007a4       0x8a HLED_program.o
                0x000007a4                hled_init
                0x000007c8                hled_ledValueON
                0x000007ec                hled_ledValueOFF
                0x00000810                hled_toggleLedValue
 .text          0x0000082e      0x322 HLCD_program.o
                0x000009c2                hlcd_init
                0x00000a84                hlcd_displayCharacter
                0x00000a88                hlcd_displayString
                0x00000aa0                hlcd_displayPosition
                0x00000ab6                Lcd_DisplayNum
                0x00000b00                Lcd_Display3Num
                0x00000b36                Lcd_Display2Num
 .text          0x00000b50        0x0 e:/amit embedded/tooling/toolchains/avr/bin/../lib/gcc/avr/7.3.0/avr5\libgcc.a(_udivmodqi4.o)
 .text          0x00000b50        0x0 e:/amit embedded/tooling/toolchains/avr/bin/../lib/gcc/avr/7.3.0/avr5\libgcc.a(_udivmodhi4.o)
 .text          0x00000b50        0x0 e:/amit embedded/tooling/toolchains/avr/bin/../lib/gcc/avr/7.3.0/avr5\libgcc.a(_divmodhi4.o)
 .text          0x00000b50        0x0 e:/amit embedded/tooling/toolchains/avr/bin/../lib/gcc/avr/7.3.0/avr5\libgcc.a(_udivmodsi4.o)
 .text          0x00000b50        0x0 e:/amit embedded/tooling/toolchains/avr/bin/../lib/gcc/avr/7.3.0/avr5\libgcc.a(_divmodsi4.o)
 .text          0x00000b50        0x0 e:/amit embedded/tooling/toolchains/avr/bin/../lib/gcc/avr/7.3.0/avr5\libgcc.a(_negsi2.o)
 .text          0x00000b50        0x0 e:/amit embedded/tooling/toolchains/avr/bin/../lib/gcc/avr/7.3.0/avr5\libgcc.a(_exit.o)
 .text          0x00000b50        0x0 e:/amit embedded/tooling/toolchains/avr/bin/../lib/gcc/avr/7.3.0/avr5\libgcc.a(_copy_data.o)
 .text          0x00000b50        0x0 e:/amit embedded/tooling/toolchains/avr/bin/../lib/gcc/avr/7.3.0/avr5\libgcc.a(_clear_bss.o)
 .text          0x00000b50        0x0 e:/amit embedded/tooling/toolchains/avr/bin/../lib/gcc/avr/7.3.0/avr5\libgcc.a(_umulhisi3.o)
                0x00000b50                . = ALIGN (0x2)
 *(.text.*)
 .text.startup  0x00000b50       0x84 main.o
                0x00000b50                main
 .text.libgcc.mul
                0x00000bd4        0x0 e:/amit embedded/tooling/toolchains/avr/bin/../lib/gcc/avr/7.3.0/avr5\libgcc.a(_udivmodqi4.o)
 .text.libgcc.div
                0x00000bd4       0x18 e:/amit embedded/tooling/toolchains/avr/bin/../lib/gcc/avr/7.3.0/avr5\libgcc.a(_udivmodqi4.o)
                0x00000bd4                __udivmodqi4
 .text.libgcc   0x00000bec        0x0 e:/amit embedded/tooling/toolchains/avr/bin/../lib/gcc/avr/7.3.0/avr5\libgcc.a(_udivmodqi4.o)
 .text.libgcc.prologue
                0x00000bec        0x0 e:/amit embedded/tooling/toolchains/avr/bin/../lib/gcc/avr/7.3.0/avr5\libgcc.a(_udivmodqi4.o)
 .text.libgcc.builtins
                0x00000bec        0x0 e:/amit embedded/tooling/toolchains/avr/bin/../lib/gcc/avr/7.3.0/avr5\libgcc.a(_udivmodqi4.o)
 .text.libgcc.fmul
                0x00000bec        0x0 e:/amit embedded/tooling/toolchains/avr/bin/../lib/gcc/avr/7.3.0/avr5\libgcc.a(_udivmodqi4.o)
 .text.libgcc.fixed
                0x00000bec        0x0 e:/amit embedded/tooling/toolchains/avr/bin/../lib/gcc/avr/7.3.0/avr5\libgcc.a(_udivmodqi4.o)
 .text.libgcc.mul
                0x00000bec        0x0 e:/amit embedded/tooling/toolchains/avr/bin/../lib/gcc/avr/7.3.0/avr5\libgcc.a(_udivmodhi4.o)
 .text.libgcc.div
                0x00000bec       0x28 e:/amit embedded/tooling/toolchains/avr/bin/../lib/gcc/avr/7.3.0/avr5\libgcc.a(_udivmodhi4.o)
                0x00000bec                __udivmodhi4
 .text.libgcc   0x00000c14        0x0 e:/amit embedded/tooling/toolchains/avr/bin/../lib/gcc/avr/7.3.0/avr5\libgcc.a(_udivmodhi4.o)
 .text.libgcc.prologue
                0x00000c14        0x0 e:/amit embedded/tooling/toolchains/avr/bin/../lib/gcc/avr/7.3.0/avr5\libgcc.a(_udivmodhi4.o)
 .text.libgcc.builtins
                0x00000c14        0x0 e:/amit embedded/tooling/toolchains/avr/bin/../lib/gcc/avr/7.3.0/avr5\libgcc.a(_udivmodhi4.o)
 .text.libgcc.fmul
                0x00000c14        0x0 e:/amit embedded/tooling/toolchains/avr/bin/../lib/gcc/avr/7.3.0/avr5\libgcc.a(_udivmodhi4.o)
 .text.libgcc.fixed
                0x00000c14        0x0 e:/amit embedded/tooling/toolchains/avr/bin/../lib/gcc/avr/7.3.0/avr5\libgcc.a(_udivmodhi4.o)
 .text.libgcc.mul
                0x00000c14        0x0 e:/amit embedded/tooling/toolchains/avr/bin/../lib/gcc/avr/7.3.0/avr5\libgcc.a(_divmodhi4.o)
 .text.libgcc.div
                0x00000c14       0x28 e:/amit embedded/tooling/toolchains/avr/bin/../lib/gcc/avr/7.3.0/avr5\libgcc.a(_divmodhi4.o)
                0x00000c14                _div
                0x00000c14                __divmodhi4
 .text.libgcc   0x00000c3c        0x0 e:/amit embedded/tooling/toolchains/avr/bin/../lib/gcc/avr/7.3.0/avr5\libgcc.a(_divmodhi4.o)
 .text.libgcc.prologue
                0x00000c3c        0x0 e:/amit embedded/tooling/toolchains/avr/bin/../lib/gcc/avr/7.3.0/avr5\libgcc.a(_divmodhi4.o)
 .text.libgcc.builtins
                0x00000c3c        0x0 e:/amit embedded/tooling/toolchains/avr/bin/../lib/gcc/avr/7.3.0/avr5\libgcc.a(_divmodhi4.o)
 .text.libgcc.fmul
                0x00000c3c        0x0 e:/amit embedded/tooling/toolchains/avr/bin/../lib/gcc/avr/7.3.0/avr5\libgcc.a(_divmodhi4.o)
 .text.libgcc.fixed
                0x00000c3c        0x0 e:/amit embedded/tooling/toolchains/avr/bin/../lib/gcc/avr/7.3.0/avr5\libgcc.a(_divmodhi4.o)
 .text.libgcc.mul
                0x00000c3c        0x0 e:/amit embedded/tooling/toolchains/avr/bin/../lib/gcc/avr/7.3.0/avr5\libgcc.a(_udivmodsi4.o)
 .text.libgcc.div
                0x00000c3c       0x44 e:/amit embedded/tooling/toolchains/avr/bin/../lib/gcc/avr/7.3.0/avr5\libgcc.a(_udivmodsi4.o)
                0x00000c3c                __udivmodsi4
 .text.libgcc   0x00000c80        0x0 e:/amit embedded/tooling/toolchains/avr/bin/../lib/gcc/avr/7.3.0/avr5\libgcc.a(_udivmodsi4.o)
 .text.libgcc.prologue
                0x00000c80        0x0 e:/amit embedded/tooling/toolchains/avr/bin/../lib/gcc/avr/7.3.0/avr5\libgcc.a(_udivmodsi4.o)
 .text.libgcc.builtins
                0x00000c80        0x0 e:/amit embedded/tooling/toolchains/avr/bin/../lib/gcc/avr/7.3.0/avr5\libgcc.a(_udivmodsi4.o)
 .text.libgcc.fmul
                0x00000c80        0x0 e:/amit embedded/tooling/toolchains/avr/bin/../lib/gcc/avr/7.3.0/avr5\libgcc.a(_udivmodsi4.o)
 .text.libgcc.fixed
                0x00000c80        0x0 e:/amit embedded/tooling/toolchains/avr/bin/../lib/gcc/avr/7.3.0/avr5\libgcc.a(_udivmodsi4.o)
 .text.libgcc.mul
                0x00000c80        0x0 e:/amit embedded/tooling/toolchains/avr/bin/../lib/gcc/avr/7.3.0/avr5\libgcc.a(_divmodsi4.o)
 .text.libgcc.div
                0x00000c80       0x2e e:/amit embedded/tooling/toolchains/avr/bin/../lib/gcc/avr/7.3.0/avr5\libgcc.a(_divmodsi4.o)
                0x00000c80                __divmodsi4
 .text.libgcc   0x00000cae        0x0 e:/amit embedded/tooling/toolchains/avr/bin/../lib/gcc/avr/7.3.0/avr5\libgcc.a(_divmodsi4.o)
 .text.libgcc.prologue
                0x00000cae        0x0 e:/amit embedded/tooling/toolchains/avr/bin/../lib/gcc/avr/7.3.0/avr5\libgcc.a(_divmodsi4.o)
 .text.libgcc.builtins
                0x00000cae        0x0 e:/amit embedded/tooling/toolchains/avr/bin/../lib/gcc/avr/7.3.0/avr5\libgcc.a(_divmodsi4.o)
 .text.libgcc.fmul
                0x00000cae        0x0 e:/amit embedded/tooling/toolchains/avr/bin/../lib/gcc/avr/7.3.0/avr5\libgcc.a(_divmodsi4.o)
 .text.libgcc.fixed
                0x00000cae        0x0 e:/amit embedded/tooling/toolchains/avr/bin/../lib/gcc/avr/7.3.0/avr5\libgcc.a(_divmodsi4.o)
 .text.libgcc.mul
                0x00000cae        0x0 e:/amit embedded/tooling/toolchains/avr/bin/../lib/gcc/avr/7.3.0/avr5\libgcc.a(_negsi2.o)
 .text.libgcc.div
                0x00000cae       0x10 e:/amit embedded/tooling/toolchains/avr/bin/../lib/gcc/avr/7.3.0/avr5\libgcc.a(_negsi2.o)
                0x00000cae                __negsi2
 .text.libgcc   0x00000cbe        0x0 e:/amit embedded/tooling/toolchains/avr/bin/../lib/gcc/avr/7.3.0/avr5\libgcc.a(_negsi2.o)
 .text.libgcc.prologue
                0x00000cbe        0x0 e:/amit embedded/tooling/toolchains/avr/bin/../lib/gcc/avr/7.3.0/avr5\libgcc.a(_negsi2.o)
 .text.libgcc.builtins
                0x00000cbe        0x0 e:/amit embedded/tooling/toolchains/avr/bin/../lib/gcc/avr/7.3.0/avr5\libgcc.a(_negsi2.o)
 .text.libgcc.fmul
                0x00000cbe        0x0 e:/amit embedded/tooling/toolchains/avr/bin/../lib/gcc/avr/7.3.0/avr5\libgcc.a(_negsi2.o)
 .text.libgcc.fixed
                0x00000cbe        0x0 e:/amit embedded/tooling/toolchains/avr/bin/../lib/gcc/avr/7.3.0/avr5\libgcc.a(_negsi2.o)
 .text.libgcc.mul
                0x00000cbe        0x0 e:/amit embedded/tooling/toolchains/avr/bin/../lib/gcc/avr/7.3.0/avr5\libgcc.a(_exit.o)
 .text.libgcc.div
                0x00000cbe        0x0 e:/amit embedded/tooling/toolchains/avr/bin/../lib/gcc/avr/7.3.0/avr5\libgcc.a(_exit.o)
 .text.libgcc   0x00000cbe        0x0 e:/amit embedded/tooling/toolchains/avr/bin/../lib/gcc/avr/7.3.0/avr5\libgcc.a(_exit.o)
 .text.libgcc.prologue
                0x00000cbe        0x0 e:/amit embedded/tooling/toolchains/avr/bin/../lib/gcc/avr/7.3.0/avr5\libgcc.a(_exit.o)
 .text.libgcc.builtins
                0x00000cbe        0x0 e:/amit embedded/tooling/toolchains/avr/bin/../lib/gcc/avr/7.3.0/avr5\libgcc.a(_exit.o)
 .text.libgcc.fmul
                0x00000cbe        0x0 e:/amit embedded/tooling/toolchains/avr/bin/../lib/gcc/avr/7.3.0/avr5\libgcc.a(_exit.o)
 .text.libgcc.fixed
                0x00000cbe        0x0 e:/amit embedded/tooling/toolchains/avr/bin/../lib/gcc/avr/7.3.0/avr5\libgcc.a(_exit.o)
 .text.libgcc.mul
                0x00000cbe        0x0 e:/amit embedded/tooling/toolchains/avr/bin/../lib/gcc/avr/7.3.0/avr5\libgcc.a(_copy_data.o)
 .text.libgcc.div
                0x00000cbe        0x0 e:/amit embedded/tooling/toolchains/avr/bin/../lib/gcc/avr/7.3.0/avr5\libgcc.a(_copy_data.o)
 .text.libgcc   0x00000cbe        0x0 e:/amit embedded/tooling/toolchains/avr/bin/../lib/gcc/avr/7.3.0/avr5\libgcc.a(_copy_data.o)
 .text.libgcc.prologue
                0x00000cbe        0x0 e:/amit embedded/tooling/toolchains/avr/bin/../lib/gcc/avr/7.3.0/avr5\libgcc.a(_copy_data.o)
 .text.libgcc.builtins
                0x00000cbe        0x0 e:/amit embedded/tooling/toolchains/avr/bin/../lib/gcc/avr/7.3.0/avr5\libgcc.a(_copy_data.o)
 .text.libgcc.fmul
                0x00000cbe        0x0 e:/amit embedded/tooling/toolchains/avr/bin/../lib/gcc/avr/7.3.0/avr5\libgcc.a(_copy_data.o)
 .text.libgcc.fixed
                0x00000cbe        0x0 e:/amit embedded/tooling/toolchains/avr/bin/../lib/gcc/avr/7.3.0/avr5\libgcc.a(_copy_data.o)
 .text.libgcc.mul
                0x00000cbe        0x0 e:/amit embedded/tooling/toolchains/avr/bin/../lib/gcc/avr/7.3.0/avr5\libgcc.a(_clear_bss.o)
 .text.libgcc.div
                0x00000cbe        0x0 e:/amit embedded/tooling/toolchains/avr/bin/../lib/gcc/avr/7.3.0/avr5\libgcc.a(_clear_bss.o)
 .text.libgcc   0x00000cbe        0x0 e:/amit embedded/tooling/toolchains/avr/bin/../lib/gcc/avr/7.3.0/avr5\libgcc.a(_clear_bss.o)
 .text.libgcc.prologue
                0x00000cbe        0x0 e:/amit embedded/tooling/toolchains/avr/bin/../lib/gcc/avr/7.3.0/avr5\libgcc.a(_clear_bss.o)
 .text.libgcc.builtins
                0x00000cbe        0x0 e:/amit embedded/tooling/toolchains/avr/bin/../lib/gcc/avr/7.3.0/avr5\libgcc.a(_clear_bss.o)
 .text.libgcc.fmul
                0x00000cbe        0x0 e:/amit embedded/tooling/toolchains/avr/bin/../lib/gcc/avr/7.3.0/avr5\libgcc.a(_clear_bss.o)
 .text.libgcc.fixed
                0x00000cbe        0x0 e:/amit embedded/tooling/toolchains/avr/bin/../lib/gcc/avr/7.3.0/avr5\libgcc.a(_clear_bss.o)
 .text.libgcc.mul
                0x00000cbe       0x1e e:/amit embedded/tooling/toolchains/avr/bin/../lib/gcc/avr/7.3.0/avr5\libgcc.a(_umulhisi3.o)
                0x00000cbe                __umulhisi3
 .text.libgcc.div
                0x00000cdc        0x0 e:/amit embedded/tooling/toolchains/avr/bin/../lib/gcc/avr/7.3.0/avr5\libgcc.a(_umulhisi3.o)
 .text.libgcc   0x00000cdc        0x0 e:/amit embedded/tooling/toolchains/avr/bin/../lib/gcc/avr/7.3.0/avr5\libgcc.a(_umulhisi3.o)
 .text.libgcc.prologue
                0x00000cdc        0x0 e:/amit embedded/tooling/toolchains/avr/bin/../lib/gcc/avr/7.3.0/avr5\libgcc.a(_umulhisi3.o)
 .text.libgcc.builtins
                0x00000cdc        0x0 e:/amit embedded/tooling/toolchains/avr/bin/../lib/gcc/avr/7.3.0/avr5\libgcc.a(_umulhisi3.o)
 .text.libgcc.fmul
                0x00000cdc        0x0 e:/amit embedded/tooling/toolchains/avr/bin/../lib/gcc/avr/7.3.0/avr5\libgcc.a(_umulhisi3.o)
 .text.libgcc.fixed
                0x00000cdc        0x0 e:/amit embedded/tooling/toolchains/avr/bin/../lib/gcc/avr/7.3.0/avr5\libgcc.a(_umulhisi3.o)
                0x00000cdc                . = ALIGN (0x2)
 *(.fini9)
 .fini9         0x00000cdc        0x0 e:/amit embedded/tooling/toolchains/avr/bin/../lib/gcc/avr/7.3.0/avr5\libgcc.a(_exit.o)
                0x00000cdc                _exit
                0x00000cdc                exit
 *(.fini9)
 *(.fini8)
 *(.fini8)
 *(.fini7)
 *(.fini7)
 *(.fini6)
 *(.fini6)
 *(.fini5)
 *(.fini5)
 *(.fini4)
 *(.fini4)
 *(.fini3)
 *(.fini3)
 *(.fini2)
 *(.fini2)
 *(.fini1)
 *(.fini1)
 *(.fini0)
 .fini0         0x00000cdc        0x4 e:/amit embedded/tooling/toolchains/avr/bin/../lib/gcc/avr/7.3.0/avr5\libgcc.a(_exit.o)
 *(.fini0)
                0x00000ce0                _etext = .

.data           0x00800060       0x38 load address 0x00000ce0
                0x00800060                PROVIDE (__data_start, .)
 *(.data)
 .data          0x00800060        0x0 e:/amit embedded/tooling/toolchains/avr/bin/../lib/gcc/avr/7.3.0/../../../../avr/lib/avr5/crtatmega32.o
 .data          0x00800060        0x0 main.o
 .data          0x00800060        0x0 MDIO_program.o
 .data          0x00800060        0x0 MEXTI_program.o
 .data          0x00800060        0x0 MTIMER_program.o
 .data          0x00800060        0x0 MTWI_program.o
 .data          0x00800060        0x0 HLED_program.o
 .data          0x00800060        0x0 HLCD_program.o
 .data          0x00800060        0x0 e:/amit embedded/tooling/toolchains/avr/bin/../lib/gcc/avr/7.3.0/avr5\libgcc.a(_udivmodqi4.o)
 .data          0x00800060        0x0 e:/amit embedded/tooling/toolchains/avr/bin/../lib/gcc/avr/7.3.0/avr5\libgcc.a(_udivmodhi4.o)
 .data          0x00800060        0x0 e:/amit embedded/tooling/toolchains/avr/bin/../lib/gcc/avr/7.3.0/avr5\libgcc.a(_divmodhi4.o)
 .data          0x00800060        0x0 e:/amit embedded/tooling/toolchains/avr/bin/../lib/gcc/avr/7.3.0/avr5\libgcc.a(_udivmodsi4.o)
 .data          0x00800060        0x0 e:/amit embedded/tooling/toolchains/avr/bin/../lib/gcc/avr/7.3.0/avr5\libgcc.a(_divmodsi4.o)
 .data          0x00800060        0x0 e:/amit embedded/tooling/toolchains/avr/bin/../lib/gcc/avr/7.3.0/avr5\libgcc.a(_negsi2.o)
 .data          0x00800060        0x0 e:/amit embedded/tooling/toolchains/avr/bin/../lib/gcc/avr/7.3.0/avr5\libgcc.a(_exit.o)
 .data          0x00800060        0x0 e:/amit embedded/tooling/toolchains/avr/bin/../lib/gcc/avr/7.3.0/avr5\libgcc.a(_copy_data.o)
 .data          0x00800060        0x0 e:/amit embedded/tooling/toolchains/avr/bin/../lib/gcc/avr/7.3.0/avr5\libgcc.a(_clear_bss.o)
 .data          0x00800060        0x0 e:/amit embedded/tooling/toolchains/avr/bin/../lib/gcc/avr/7.3.0/avr5\libgcc.a(_umulhisi3.o)
 *(.data*)
 *(.gnu.linkonce.d*)
 *(.rodata)
 .rodata        0x00800060       0x18 MDIO_program.o
 *(.rodata*)
 .rodata.str1.1
                0x00800078       0x20 main.o
                                 0x22 (size before relaxing)
 *(.gnu.linkonce.r*)
                0x00800098                . = ALIGN (0x2)
                0x00800098                _edata = .
                0x00800098                PROVIDE (__data_end, .)

.bss            0x00800098       0x19
                0x00800098                PROVIDE (__bss_start, .)
 *(.bss)
 .bss           0x00800098        0x0 e:/amit embedded/tooling/toolchains/avr/bin/../lib/gcc/avr/7.3.0/../../../../avr/lib/avr5/crtatmega32.o
 .bss           0x00800098        0x6 main.o
                0x00800098                RISE2
                0x0080009a                FALL
                0x0080009c                RISE
 .bss           0x0080009e        0x0 MDIO_program.o
 .bss           0x0080009e        0x6 MEXTI_program.o
 .bss           0x008000a4        0xd MTIMER_program.o
 .bss           0x008000b1        0x0 MTWI_program.o
 .bss           0x008000b1        0x0 HLED_program.o
 .bss           0x008000b1        0x0 HLCD_program.o
 .bss           0x008000b1        0x0 e:/amit embedded/tooling/toolchains/avr/bin/../lib/gcc/avr/7.3.0/avr5\libgcc.a(_udivmodqi4.o)
 .bss           0x008000b1        0x0 e:/amit embedded/tooling/toolchains/avr/bin/../lib/gcc/avr/7.3.0/avr5\libgcc.a(_udivmodhi4.o)
 .bss           0x008000b1        0x0 e:/amit embedded/tooling/toolchains/avr/bin/../lib/gcc/avr/7.3.0/avr5\libgcc.a(_divmodhi4.o)
 .bss           0x008000b1        0x0 e:/amit embedded/tooling/toolchains/avr/bin/../lib/gcc/avr/7.3.0/avr5\libgcc.a(_udivmodsi4.o)
 .bss           0x008000b1        0x0 e:/amit embedded/tooling/toolchains/avr/bin/../lib/gcc/avr/7.3.0/avr5\libgcc.a(_divmodsi4.o)
 .bss           0x008000b1        0x0 e:/amit embedded/tooling/toolchains/avr/bin/../lib/gcc/avr/7.3.0/avr5\libgcc.a(_negsi2.o)
 .bss           0x008000b1        0x0 e:/amit embedded/tooling/toolchains/avr/bin/../lib/gcc/avr/7.3.0/avr5\libgcc.a(_exit.o)
 .bss           0x008000b1        0x0 e:/amit embedded/tooling/toolchains/avr/bin/../lib/gcc/avr/7.3.0/avr5\libgcc.a(_copy_data.o)
 .bss           0x008000b1        0x0 e:/amit embedded/tooling/toolchains/avr/bin/../lib/gcc/avr/7.3.0/avr5\libgcc.a(_clear_bss.o)
 .bss           0x008000b1        0x0 e:/amit embedded/tooling/toolchains/avr/bin/../lib/gcc/avr/7.3.0/avr5\libgcc.a(_umulhisi3.o)
 *(.bss*)
 *(COMMON)
                0x008000b1                PROVIDE (__bss_end, .)
                0x00000ce0                __data_load_start = LOADADDR (.data)
                0x00000d18                __data_load_end = (__data_load_start + SIZEOF (.data))

.noinit         0x008000b1        0x0
                [!provide]                PROVIDE (__noinit_start, .)
 *(.noinit*)
                [!provide]                PROVIDE (__noinit_end, .)
                0x008000b1                _end = .
                [!provide]                PROVIDE (__heap_start, .)

.eeprom         0x00810000        0x0
 *(.eeprom*)
                0x00810000                __eeprom_end = .

.fuse
 *(.fuse)
 *(.lfuse)
 *(.hfuse)
 *(.efuse)

.lock
 *(.lock*)

.signature
 *(.signature*)

.user_signatures
 *(.user_signatures*)

.stab
 *(.stab)

.stabstr
 *(.stabstr)

.stab.excl
 *(.stab.excl)

.stab.exclstr
 *(.stab.exclstr)

.stab.index
 *(.stab.index)

.stab.indexstr
 *(.stab.indexstr)

.comment        0x00000000       0x11
 *(.comment)
 .comment       0x00000000       0x11 main.o
                                 0x12 (size before relaxing)
 .comment       0x00000011       0x12 MDIO_program.o
 .comment       0x00000011       0x12 MEXTI_program.o
 .comment       0x00000011       0x12 MTIMER_program.o
 .comment       0x00000011       0x12 MTWI_program.o
 .comment       0x00000011       0x12 HLED_program.o
 .comment       0x00000011       0x12 HLCD_program.o

.note.gnu.avr.deviceinfo
                0x00000000       0x3c
 .note.gnu.avr.deviceinfo
                0x00000000       0x3c e:/amit embedded/tooling/toolchains/avr/bin/../lib/gcc/avr/7.3.0/../../../../avr/lib/avr5/crtatmega32.o

.note.gnu.build-id
 *(.note.gnu.build-id)

.debug
 *(.debug)

.line
 *(.line)

.debug_srcinfo
 *(.debug_srcinfo)

.debug_sfnames
 *(.debug_sfnames)

.debug_aranges  0x00000000      0x140
 *(.debug_aranges)
 .debug_aranges
                0x00000000       0x20 e:/amit embedded/tooling/toolchains/avr/bin/../lib/gcc/avr/7.3.0/avr5\libgcc.a(_udivmodqi4.o)
 .debug_aranges
                0x00000020       0x20 e:/amit embedded/tooling/toolchains/avr/bin/../lib/gcc/avr/7.3.0/avr5\libgcc.a(_udivmodhi4.o)
 .debug_aranges
                0x00000040       0x20 e:/amit embedded/tooling/toolchains/avr/bin/../lib/gcc/avr/7.3.0/avr5\libgcc.a(_divmodhi4.o)
 .debug_aranges
                0x00000060       0x20 e:/amit embedded/tooling/toolchains/avr/bin/../lib/gcc/avr/7.3.0/avr5\libgcc.a(_udivmodsi4.o)
 .debug_aranges
                0x00000080       0x20 e:/amit embedded/tooling/toolchains/avr/bin/../lib/gcc/avr/7.3.0/avr5\libgcc.a(_divmodsi4.o)
 .debug_aranges
                0x000000a0       0x20 e:/amit embedded/tooling/toolchains/avr/bin/../lib/gcc/avr/7.3.0/avr5\libgcc.a(_negsi2.o)
 .debug_aranges
                0x000000c0       0x20 e:/amit embedded/tooling/toolchains/avr/bin/../lib/gcc/avr/7.3.0/avr5\libgcc.a(_exit.o)
 .debug_aranges
                0x000000e0       0x20 e:/amit embedded/tooling/toolchains/avr/bin/../lib/gcc/avr/7.3.0/avr5\libgcc.a(_copy_data.o)
 .debug_aranges
                0x00000100       0x20 e:/amit embedded/tooling/toolchains/avr/bin/../lib/gcc/avr/7.3.0/avr5\libgcc.a(_clear_bss.o)
 .debug_aranges
                0x00000120       0x20 e:/amit embedded/tooling/toolchains/avr/bin/../lib/gcc/avr/7.3.0/avr5\libgcc.a(_umulhisi3.o)

.debug_pubnames
 *(.debug_pubnames)

.debug_info     0x00000000      0xc34
 *(.debug_info .gnu.linkonce.wi.*)
 .debug_info    0x00000000      0x4e6 e:/amit embedded/tooling/toolchains/avr/bin/../lib/gcc/avr/7.3.0/../../../../avr/lib/avr5/crtatmega32.o
 .debug_info    0x000004e6       0xbb e:/amit embedded/tooling/toolchains/avr/bin/../lib/gcc/avr/7.3.0/avr5\libgcc.a(_udivmodqi4.o)
 .debug_info    0x000005a1       0xbb e:/amit embedded/tooling/toolchains/avr/bin/../lib/gcc/avr/7.3.0/avr5\libgcc.a(_udivmodhi4.o)
 .debug_info    0x0000065c       0xbb e:/amit embedded/tooling/toolchains/avr/bin/../lib/gcc/avr/7.3.0/avr5\libgcc.a(_divmodhi4.o)
 .debug_info    0x00000717       0xbb e:/amit embedded/tooling/toolchains/avr/bin/../lib/gcc/avr/7.3.0/avr5\libgcc.a(_udivmodsi4.o)
 .debug_info    0x000007d2       0xbb e:/amit embedded/tooling/toolchains/avr/bin/../lib/gcc/avr/7.3.0/avr5\libgcc.a(_divmodsi4.o)
 .debug_info    0x0000088d       0xbb e:/amit embedded/tooling/toolchains/avr/bin/../lib/gcc/avr/7.3.0/avr5\libgcc.a(_negsi2.o)
 .debug_info    0x00000948       0xbb e:/amit embedded/tooling/toolchains/avr/bin/../lib/gcc/avr/7.3.0/avr5\libgcc.a(_exit.o)
 .debug_info    0x00000a03       0xbb e:/amit embedded/tooling/toolchains/avr/bin/../lib/gcc/avr/7.3.0/avr5\libgcc.a(_copy_data.o)
 .debug_info    0x00000abe       0xbb e:/amit embedded/tooling/toolchains/avr/bin/../lib/gcc/avr/7.3.0/avr5\libgcc.a(_clear_bss.o)
 .debug_info    0x00000b79       0xbb e:/amit embedded/tooling/toolchains/avr/bin/../lib/gcc/avr/7.3.0/avr5\libgcc.a(_umulhisi3.o)

.debug_abbrev   0x00000000      0x56b
 *(.debug_abbrev)
 .debug_abbrev  0x00000000      0x4a3 e:/amit embedded/tooling/toolchains/avr/bin/../lib/gcc/avr/7.3.0/../../../../avr/lib/avr5/crtatmega32.o
 .debug_abbrev  0x000004a3       0x14 e:/amit embedded/tooling/toolchains/avr/bin/../lib/gcc/avr/7.3.0/avr5\libgcc.a(_udivmodqi4.o)
 .debug_abbrev  0x000004b7       0x14 e:/amit embedded/tooling/toolchains/avr/bin/../lib/gcc/avr/7.3.0/avr5\libgcc.a(_udivmodhi4.o)
 .debug_abbrev  0x000004cb       0x14 e:/amit embedded/tooling/toolchains/avr/bin/../lib/gcc/avr/7.3.0/avr5\libgcc.a(_divmodhi4.o)
 .debug_abbrev  0x000004df       0x14 e:/amit embedded/tooling/toolchains/avr/bin/../lib/gcc/avr/7.3.0/avr5\libgcc.a(_udivmodsi4.o)
 .debug_abbrev  0x000004f3       0x14 e:/amit embedded/tooling/toolchains/avr/bin/../lib/gcc/avr/7.3.0/avr5\libgcc.a(_divmodsi4.o)
 .debug_abbrev  0x00000507       0x14 e:/amit embedded/tooling/toolchains/avr/bin/../lib/gcc/avr/7.3.0/avr5\libgcc.a(_negsi2.o)
 .debug_abbrev  0x0000051b       0x14 e:/amit embedded/tooling/toolchains/avr/bin/../lib/gcc/avr/7.3.0/avr5\libgcc.a(_exit.o)
 .debug_abbrev  0x0000052f       0x14 e:/amit embedded/tooling/toolchains/avr/bin/../lib/gcc/avr/7.3.0/avr5\libgcc.a(_copy_data.o)
 .debug_abbrev  0x00000543       0x14 e:/amit embedded/tooling/toolchains/avr/bin/../lib/gcc/avr/7.3.0/avr5\libgcc.a(_clear_bss.o)
 .debug_abbrev  0x00000557       0x14 e:/amit embedded/tooling/toolchains/avr/bin/../lib/gcc/avr/7.3.0/avr5\libgcc.a(_umulhisi3.o)

.debug_line     0x00000000      0x6d0
 *(.debug_line .debug_line.* .debug_line_end)
 .debug_line    0x00000000       0x1a e:/amit embedded/tooling/toolchains/avr/bin/../lib/gcc/avr/7.3.0/../../../../avr/lib/avr5/crtatmega32.o
 .debug_line    0x0000001a       0x9e e:/amit embedded/tooling/toolchains/avr/bin/../lib/gcc/avr/7.3.0/avr5\libgcc.a(_udivmodqi4.o)
 .debug_line    0x000000b8       0xce e:/amit embedded/tooling/toolchains/avr/bin/../lib/gcc/avr/7.3.0/avr5\libgcc.a(_udivmodhi4.o)
 .debug_line    0x00000186       0xc8 e:/amit embedded/tooling/toolchains/avr/bin/../lib/gcc/avr/7.3.0/avr5\libgcc.a(_divmodhi4.o)
 .debug_line    0x0000024e      0x122 e:/amit embedded/tooling/toolchains/avr/bin/../lib/gcc/avr/7.3.0/avr5\libgcc.a(_udivmodsi4.o)
 .debug_line    0x00000370       0xce e:/amit embedded/tooling/toolchains/avr/bin/../lib/gcc/avr/7.3.0/avr5\libgcc.a(_divmodsi4.o)
 .debug_line    0x0000043e       0x62 e:/amit embedded/tooling/toolchains/avr/bin/../lib/gcc/avr/7.3.0/avr5\libgcc.a(_negsi2.o)
 .debug_line    0x000004a0       0x62 e:/amit embedded/tooling/toolchains/avr/bin/../lib/gcc/avr/7.3.0/avr5\libgcc.a(_exit.o)
 .debug_line    0x00000502       0x98 e:/amit embedded/tooling/toolchains/avr/bin/../lib/gcc/avr/7.3.0/avr5\libgcc.a(_copy_data.o)
 .debug_line    0x0000059a       0x86 e:/amit embedded/tooling/toolchains/avr/bin/../lib/gcc/avr/7.3.0/avr5\libgcc.a(_clear_bss.o)
 .debug_line    0x00000620       0xb0 e:/amit embedded/tooling/toolchains/avr/bin/../lib/gcc/avr/7.3.0/avr5\libgcc.a(_umulhisi3.o)

.debug_frame
 *(.debug_frame)

.debug_str      0x00000000      0x196
 *(.debug_str)
 .debug_str     0x00000000      0x196 e:/amit embedded/tooling/toolchains/avr/bin/../lib/gcc/avr/7.3.0/../../../../avr/lib/avr5/crtatmega32.o

.debug_loc
 *(.debug_loc)

.debug_macinfo
 *(.debug_macinfo)

.debug_weaknames
 *(.debug_weaknames)

.debug_funcnames
 *(.debug_funcnames)

.debug_typenames
 *(.debug_typenames)

.debug_varnames
 *(.debug_varnames)

.debug_pubtypes
 *(.debug_pubtypes)

.debug_ranges
 *(.debug_ranges)

.debug_macro
 *(.debug_macro)
OUTPUT(main.elf elf32-avr)
LOAD linker stubs
